// Jest Snapshot v1, https://goo.gl/fbAQLP

exports[`skeleton should match snapshot 1`] = `
.c0 {
  background-color: #f7f8f9;
  display: block;
  width: 100%;
  height: 300px;
  border-radius: 3px;
}

<div>
  <div
    class="c0"
    height="300"
  />
</div>
`;
