// Jest Snapshot v1, https://goo.gl/fbAQLP

exports[`modernLayout should match snapshot 1`] = `
.c0 {
  max-width: 920px;
  margin-left: auto;
  margin-right: auto;
  padding: 16px;
}

<div>
  <div
    class="c0"
  >
    <p>
      Hello
    </p>
  </div>
</div>
`;
